
◆  Rendering roundone-devpost → /Users/dylanjones/apps/judge-agent-nebius/videos/roundone-devpost/renders/video.mp4
   30fps · high · auto workers (16 cores detected)
   GPU: browser GPU (auto-detect)

[?25l│
◇  Browser: cache
[?25h
  Lint: 0 error(s), 1 warning(s) — run with --lint-verbose for full output.
  Continuing render despite lint issues. Use --strict to block errors.

[INFO] [Render] Pipeline started {"renderJobId":"f8f82bd5-b600-4608-baec-4d8061dd6b3d","platform":"darwin","arch":"arm64","nodeVersion":"v24.20.0","fps":{"num":30,"den":1},"format":"mp4","quality":"high","browserGpuMode":"auto","forceScreenshot":false,"protocolTimeout":300000,"browserTimeout":120000,"pageNavigationTimeout":60000,"playerReadyTimeout":45000}
[INFO] [Render:trace] {"renderJobId":"f8f82bd5-b600-4608-baec-4d8061dd6b3d","phase":"pipeline","status":"checkpoint","elapsedMs":2,"message":"started","format":"mp4","quality":"high","browserGpuMode":"auto","forceScreenshot":false,"protocolTimeoutMs":300000,"pageNavigationTimeoutMs":60000,"playerReadyTimeoutMs":45000,"requestedWorkers":"auto"}
[INFO] [Render:trace] {"renderJobId":"f8f82bd5-b600-4608-baec-4d8061dd6b3d","phase":"compile","status":"start","elapsedMs":2,"needsAlpha":false}
  █░░░░░░░░░░░░░░░░░░░░░░░░  5%  Compiling composition
[INFO] [Compiler] Inlined CDN script: https://cdn.jsdelivr.net/npm/gsap@3.14.2/dist/gsap.min.js
[INFO] [Compiler] Embedded local font file: assets/fonts/GeistPixelSquare.woff2 (28 KB → data URI)
[INFO] [Compiler] Embedded local font file: assets/fonts/GeistSans-Variable.woff2 (68 KB → data URI)
[INFO] [Compiler] Embedded local font file: assets/fonts/GeistMono-Variable.woff2 (70 KB → data URI)
[INFO] [Render] Fast capture: composition uses a CSS 3D rendering context (perspective / preserve-3d / backface-visibility) — disabling drawElementImage for this render. Capture uses the platform's baseline route. {"renderJobId":"f8f82bd5-b600-4608-baec-4d8061dd6b3d"}
[INFO] Compiled composition metadata {"renderJobId":"f8f82bd5-b600-4608-baec-4d8061dd6b3d","entryFile":"index.html","staticDuration":30,"width":1920,"height":1080,"videoCount":0,"audioCount":1,"renderModeHints":{"recommendScreenshot":false,"reasons":[]}}
[INFO] [Render:trace] {"renderJobId":"f8f82bd5-b600-4608-baec-4d8061dd6b3d","phase":"compile","status":"end","elapsedMs":270,"durationMs":268,"needsAlpha":false}
[INFO] [Render:trace] {"renderJobId":"f8f82bd5-b600-4608-baec-4d8061dd6b3d","phase":"compile","status":"checkpoint","elapsedMs":272,"message":"composition metadata resolved","width":1920,"height":1080,"videoCount":0,"audioCount":1,"imageCount":7,"deviceScaleFactor":1,"forceScreenshot":false,"compositionHash":"ea741341b0b6bda1"}
[INFO] [Render:trace] {"renderJobId":"f8f82bd5-b600-4608-baec-4d8061dd6b3d","phase":"browser_probe","status":"start","elapsedMs":272,"forceScreenshot":false,"stagePhase":"calibrating"}
[INFO] [Render:trace] {"renderJobId":"f8f82bd5-b600-4608-baec-4d8061dd6b3d","phase":"browser_probe","status":"end","elapsedMs":352,"durationMs":80,"forceScreenshot":false,"stagePhase":"calibrating"}
[INFO] [Render:trace] {"renderJobId":"f8f82bd5-b600-4608-baec-4d8061dd6b3d","phase":"browser_probe","status":"checkpoint","elapsedMs":354,"message":"duration resolved","durationSeconds":30,"totalFrames":900,"compositionHash":"ea741341b0b6bda1","beginFrameStalled":false}
[INFO] [Render:trace] {"renderJobId":"f8f82bd5-b600-4608-baec-4d8061dd6b3d","phase":"video_extract","status":"start","elapsedMs":354,"videoCount":0}
  ██░░░░░░░░░░░░░░░░░░░░░░░  10%  Extracting video frames
[INFO] [Render:trace] {"renderJobId":"f8f82bd5-b600-4608-baec-4d8061dd6b3d","phase":"video_extract","status":"end","elapsedMs":354,"durationMs":0,"videoCount":0}
[INFO] [Render:trace] {"renderJobId":"f8f82bd5-b600-4608-baec-4d8061dd6b3d","phase":"video_extract","status":"checkpoint","elapsedMs":358,"message":"frames resolved","videoCount":0,"extractedVideoCount":0,"totalFramesExtracted":0,"maxFramesPerVideo":0,"avgFramesPerExtractedVideo":null,"vfrPreflightCount":null,"vfrPreflightMs":null,"cacheHits":null,"cacheMisses":null,"transientRetries":null,"minVideoFrameCoverageRatio":null,"authoredTimedClipCount":20}
[INFO] [Render] No HDR sources detected — rendering SDR {"renderJobId":"f8f82bd5-b600-4608-baec-4d8061dd6b3d"}
[INFO] [Render:trace] {"renderJobId":"f8f82bd5-b600-4608-baec-4d8061dd6b3d","phase":"hdr_detection","status":"checkpoint","elapsedMs":358,"message":"resolved","requestedHdrMode":"auto","effectiveHdr":"sdr","nativeHdrVideoCount":0,"nativeHdrImageCount":0}
[INFO] [Render:trace] {"renderJobId":"f8f82bd5-b600-4608-baec-4d8061dd6b3d","phase":"audio_process","status":"start","elapsedMs":358,"audioCount":1}
  █████░░░░░░░░░░░░░░░░░░░░  20%  Processing audio tracks
[BrowserManager] Browser launched (HeadlessChrome/152.0.7977.30, screenshot, gl=default, headlessShell=true, platform=darwin)
[INFO] [Render:trace] {"renderJobId":"f8f82bd5-b600-4608-baec-4d8061dd6b3d","phase":"audio_process","status":"end","elapsedMs":1745,"durationMs":1387,"audioCount":1}
[INFO] [Render:trace] {"renderJobId":"f8f82bd5-b600-4608-baec-4d8061dd6b3d","phase":"file_server","status":"start","elapsedMs":1745,"reused":false}
  ██████░░░░░░░░░░░░░░░░░░░  25%  Starting frame capture
[INFO] [Render:trace] {"renderJobId":"f8f82bd5-b600-4608-baec-4d8061dd6b3d","phase":"file_server","status":"end","elapsedMs":1749,"durationMs":3}
  ██████░░░░░░░░░░░░░░░░░░░  25%  Checking browser GPU
[hyperframes] browserGpuMode probe → hardware (WebGL renderer vendor="Google Inc. (Apple)" renderer="ANGLE (Apple, ANGLE Metal Renderer: Apple M4 Max, Unspecified Version)")
[INFO] [Render:trace] {"renderJobId":"f8f82bd5-b600-4608-baec-4d8061dd6b3d","phase":"capture_calibration","status":"start","elapsedMs":1913,"stagePhase":"calibrating","forceScreenshot":false,"totalFrames":900,"framesCompleted":0,"captureMode":"screenshot","captureOperation":"captureScreenshot"}
[INFO] [Render] Calibration config {"renderJobId":"f8f82bd5-b600-4608-baec-4d8061dd6b3d","protocolTimeout":30000,"parentProtocolTimeout":300000,"forceScreenshot":false,"totalFrames":900}
[INFO] Launching browser for capture calibration... {"renderJobId":"f8f82bd5-b600-4608-baec-4d8061dd6b3d"}
  ██████░░░░░░░░░░░░░░░░░░░  25%  Measuring capture speed
[BrowserManager] Browser launched (HeadlessChrome/152.0.7977.30, screenshot, gl=--use-gl=angle --use-angle=metal, headlessShell=true, platform=darwin)
[INFO] Initializing calibration session... {"renderJobId":"f8f82bd5-b600-4608-baec-4d8061dd6b3d"}
[initSession:screenshot] page.goto start (0ms)
[HyperFrames] render runtime fps {"canonicalFps":30,"source":"render-options","rawFpsSource":"render-options","rawFps":30}
[initSession:screenshot] page.goto complete (299ms)
[initSession:screenshot] GSAP proxy flush complete (300ms)
[initSession:screenshot] pollHfReady complete (300ms)
[initSession:screenshot] pollSubCompositionTimelines complete (ready) (304ms)
[initSession:screenshot] applyVideoMetadataHints complete (304ms)
[initSession:screenshot] media + fonts + tailwind ready (308ms)
[initSession:screenshot] static-frame dedup: disabled (canvas/webgl) (311ms)
[INFO] Calibration session ready, capturing test frames... {"renderJobId":"f8f82bd5-b600-4608-baec-4d8061dd6b3d"}
[INFO] Calibration: capturing test frame 1/5... {"renderJobId":"f8f82bd5-b600-4608-baec-4d8061dd6b3d"}
[INFO] Calibration: capturing test frame 2/5... {"renderJobId":"f8f82bd5-b600-4608-baec-4d8061dd6b3d"}
[INFO] Calibration: capturing test frame 3/5... {"renderJobId":"f8f82bd5-b600-4608-baec-4d8061dd6b3d"}
[INFO] Calibration: capturing test frame 4/5... {"renderJobId":"f8f82bd5-b600-4608-baec-4d8061dd6b3d"}
[INFO] Calibration: capturing test frame 5/5... {"renderJobId":"f8f82bd5-b600-4608-baec-4d8061dd6b3d"}
[INFO] Calibration complete, estimated cost: 292ms/frame (p95) {"renderJobId":"f8f82bd5-b600-4608-baec-4d8061dd6b3d"}
[INFO] [Render:trace] {"renderJobId":"f8f82bd5-b600-4608-baec-4d8061dd6b3d","phase":"capture_calibration","status":"end","elapsedMs":3081,"durationMs":1168,"stagePhase":"calibrating","forceScreenshot":false,"totalFrames":900,"framesCompleted":0,"captureMode":"screenshot","captureOperation":"captureScreenshot"}
[INFO] [Render:trace] {"renderJobId":"f8f82bd5-b600-4608-baec-4d8061dd6b3d","phase":"capture_calibration","status":"checkpoint","elapsedMs":3081,"message":"resolved","forceScreenshot":false,"multiplier":1,"p95Ms":292}
[WARN] [Render] 6 capture workers may exceed this process's V8 heap (limit 4288MB supports ~5). If the render dies with "JavaScript heap out of memory", raise the heap (NODE_OPTIONS=--max-old-space-size=8192) or pass --workers 5. {"renderJobId":"f8f82bd5-b600-4608-baec-4d8061dd6b3d","heapLimitMb":4288,"heapBasedWorkers":5}
[INFO] [Render:trace] {"renderJobId":"f8f82bd5-b600-4608-baec-4d8061dd6b3d","phase":"worker_resolution","status":"checkpoint","elapsedMs":3081,"message":"resolved","workerCount":6}
[INFO] streaming-encode gate {"renderJobId":"f8f82bd5-b600-4608-baec-4d8061dd6b3d","enabled":false,"reason":"multi_worker","configFlag":true,"durationCapEnabled":false,"outputFormat":"mp4","workerCount":6,"durationSeconds":30,"maxDurationSeconds":240}
[INFO] [Render:trace] {"renderJobId":"f8f82bd5-b600-4608-baec-4d8061dd6b3d","phase":"capture_strategy","status":"checkpoint","elapsedMs":3082,"message":"resolved","workerCount":6,"forceScreenshot":false,"captureBeyondViewport":null,"useStreamingEncode":false,"useLayeredComposite":false,"usePageSideCompositing":false,"hasHdrContent":false,"hasShaderTransitions":false,"isPngSequence":false}
[INFO] [Render:trace] {"renderJobId":"f8f82bd5-b600-4608-baec-4d8061dd6b3d","phase":"capture_disk","status":"start","elapsedMs":3082,"stagePhase":"capturing","needsAlpha":false,"workerCount":6,"forceScreenshot":false,"totalFrames":900,"framesCompleted":0,"captureMode":"screenshot","captureOperation":"captureScreenshot"}
  ██████░░░░░░░░░░░░░░░░░░░  25%  Starting browsers (0/6 ready)
[BrowserManager] Browser launched (HeadlessChrome/152.0.7977.30, screenshot, gl=--use-gl=angle --use-angle=metal, headlessShell=true, platform=darwin)
[initSession:screenshot] page.goto start (0ms)
[initSession:screenshot] page.goto start (0ms)
[initSession:screenshot] page.goto start (0ms)
[initSession:screenshot] page.goto start (0ms)
[initSession:screenshot] page.goto start (0ms)
[initSession:screenshot] page.goto start (0ms)
[HyperFrames] render runtime fps {"canonicalFps":30,"source":"render-options","rawFpsSource":"render-options","rawFps":30}
[initSession:screenshot] page.goto complete (809ms)
[HyperFrames] render runtime fps {"canonicalFps":30,"source":"render-options","rawFpsSource":"render-options","rawFps":30}
[initSession:screenshot] page.goto complete (820ms)
[HyperFrames] render runtime fps {"canonicalFps":30,"source":"render-options","rawFpsSource":"render-options","rawFps":30}
[initSession:screenshot] page.goto complete (826ms)
[HyperFrames] render runtime fps {"canonicalFps":30,"source":"render-options","rawFpsSource":"render-options","rawFps":30}
[initSession:screenshot] page.goto complete (831ms)
[initSession:screenshot] GSAP proxy flush complete (836ms)
[initSession:screenshot] GSAP proxy flush complete (838ms)
[initSession:screenshot] GSAP proxy flush complete (840ms)
[HyperFrames] render runtime fps {"canonicalFps":30,"source":"render-options","rawFpsSource":"render-options","rawFps":30}
[initSession:screenshot] GSAP proxy flush complete (840ms)
[initSession:screenshot] pollHfReady complete (842ms)
[initSession:screenshot] pollHfReady complete (841ms)
[initSession:screenshot] pollHfReady complete (841ms)
[initSession:screenshot] pollHfReady complete (841ms)
[initSession:screenshot] pollSubCompositionTimelines complete (ready) (842ms)
[initSession:screenshot] applyVideoMetadataHints complete (842ms)
[initSession:screenshot] pollSubCompositionTimelines complete (ready) (843ms)
[initSession:screenshot] applyVideoMetadataHints complete (843ms)
[initSession:screenshot] pollSubCompositionTimelines complete (ready) (844ms)
[initSession:screenshot] applyVideoMetadataHints complete (844ms)
[initSession:screenshot] pollSubCompositionTimelines complete (ready) (843ms)
[initSession:screenshot] applyVideoMetadataHints complete (843ms)
[initSession:screenshot] media + fonts + tailwind ready (846ms)
[initSession:screenshot] media + fonts + tailwind ready (846ms)
[initSession:screenshot] media + fonts + tailwind ready (847ms)
[initSession:screenshot] page.goto complete (847ms)
[initSession:screenshot] media + fonts + tailwind ready (849ms)
[initSession:screenshot] GSAP proxy flush complete (854ms)
[initSession:screenshot] static-frame dedup: disabled (canvas/webgl) (856ms)
[initSession:screenshot] static-frame dedup: disabled (canvas/webgl) (857ms)
[initSession:screenshot] static-frame dedup: disabled (canvas/webgl) (858ms)
  ██████░░░░░░░░░░░░░░░░░░░  25%  Starting browsers (1/6 ready)
[initSession:screenshot] static-frame dedup: disabled (canvas/webgl) (861ms)
[HyperFrames] render runtime fps {"canonicalFps":30,"source":"render-options","rawFpsSource":"render-options","rawFps":30}
[initSession:screenshot] page.goto complete (912ms)
[initSession:screenshot] GSAP proxy flush complete (917ms)
[initSession:screenshot] pollHfReady complete (958ms)
[initSession:screenshot] pollSubCompositionTimelines complete (ready) (959ms)
[initSession:screenshot] applyVideoMetadataHints complete (959ms)
[initSession:screenshot] media + fonts + tailwind ready (963ms)
[initSession:screenshot] static-frame dedup: disabled (canvas/webgl) (966ms)
[initSession:screenshot] pollHfReady complete (1018ms)
[initSession:screenshot] pollSubCompositionTimelines complete (ready) (1020ms)
[initSession:screenshot] applyVideoMetadataHints complete (1237ms)
[initSession:screenshot] media + fonts + tailwind ready (1241ms)
[initSession:screenshot] static-frame dedup: disabled (canvas/webgl) (1244ms)
  ██████░░░░░░░░░░░░░░░░░░░  25%  Starting browsers (6/6 ready)
  ██████░░░░░░░░░░░░░░░░░░░  25%  Capturing frame 1/900 (6 workers)
  ██████░░░░░░░░░░░░░░░░░░░  26%  Capturing frame 21/900 (6 workers)
  ██████░░░░░░░░░░░░░░░░░░░  27%  Capturing frame 44/900 (6 workers)
  ███████░░░░░░░░░░░░░░░░░░  28%  Capturing frame 68/900 (6 workers)
  ███████░░░░░░░░░░░░░░░░░░  30%  Capturing frame 93/900 (6 workers)
  ███████░░░░░░░░░░░░░░░░░░  31%  Capturing frame 115/900 (6 workers)
  ████████░░░░░░░░░░░░░░░░░  32%  Capturing frame 137/900 (6 workers)
  ████████░░░░░░░░░░░░░░░░░  33%  Capturing frame 162/900 (6 workers)
  ████████░░░░░░░░░░░░░░░░░  34%  Capturing frame 186/900 (6 workers)
  █████████░░░░░░░░░░░░░░░░  36%  Capturing frame 211/900 (6 workers)
  █████████░░░░░░░░░░░░░░░░  37%  Capturing frame 233/900 (6 workers)
  █████████░░░░░░░░░░░░░░░░  38%  Capturing frame 260/900 (6 workers)
  █████████░░░░░░░░░░░░░░░░  39%  Capturing frame 274/900 (6 workers)
  ██████████░░░░░░░░░░░░░░░  40%  Capturing frame 300/900 (6 workers)
  ██████████░░░░░░░░░░░░░░░  41%  Capturing frame 324/900 (6 workers)
  ██████████░░░░░░░░░░░░░░░  43%  Capturing frame 350/900 (6 workers)
  ███████████░░░░░░░░░░░░░░  44%  Capturing frame 376/900 (6 workers)
  ███████████░░░░░░░░░░░░░░  45%  Capturing frame 400/900 (6 workers)
  ███████████░░░░░░░░░░░░░░  46%  Capturing frame 420/900 (6 workers)
  ███████████░░░░░░░░░░░░░░  47%  Capturing frame 446/900 (6 workers)
  ████████████░░░░░░░░░░░░░  49%  Capturing frame 471/900 (6 workers)
  ████████████░░░░░░░░░░░░░  50%  Capturing frame 496/900 (6 workers)
  ████████████░░░░░░░░░░░░░  51%  Capturing frame 524/900 (6 workers)
  █████████████░░░░░░░░░░░░  52%  Capturing frame 547/900 (6 workers)
  █████████████░░░░░░░░░░░░  54%  Capturing frame 575/900 (6 workers)
  █████████████░░░░░░░░░░░░  55%  Capturing frame 601/900 (6 workers)
  ██████████████░░░░░░░░░░░  56%  Capturing frame 627/900 (6 workers)
  ██████████████░░░░░░░░░░░  58%  Capturing frame 655/900 (6 workers)
  ██████████████░░░░░░░░░░░  59%  Capturing frame 680/900 (6 workers)
  ███████████████░░░░░░░░░░  60%  Capturing frame 705/900 (6 workers)
  ███████████████░░░░░░░░░░  61%  Capturing frame 729/900 (6 workers)
  ███████████████░░░░░░░░░░  63%  Capturing frame 755/900 (6 workers)
  ████████████████░░░░░░░░░  64%  Capturing frame 779/900 (6 workers)
  ████████████████░░░░░░░░░  65%  Capturing frame 805/900 (6 workers)
  ████████████████░░░░░░░░░  67%  Capturing frame 832/900 (6 workers)
  █████████████████░░░░░░░░  68%  Capturing frame 856/900 (6 workers)
  █████████████████░░░░░░░░  69%  Capturing frame 883/900 (6 workers)
  █████████████████░░░░░░░░  70%  Capturing frame 899/900 (6 workers)
  █████████████████░░░░░░░░  70%  Capturing frame 900/900 (6 workers)
[INFO] [Render:trace] {"renderJobId":"f8f82bd5-b600-4608-baec-4d8061dd6b3d","phase":"capture_disk","status":"end","elapsedMs":14075,"durationMs":10993,"stagePhase":"capturing","needsAlpha":false,"workerCount":6,"forceScreenshot":false,"totalFrames":900,"framesCompleted":900,"captureMode":"screenshot","captureOperation":"encode"}
[INFO] [Render:trace] {"renderJobId":"f8f82bd5-b600-4608-baec-4d8061dd6b3d","phase":"encode","status":"start","elapsedMs":14075,"stagePhase":"capturing","hasAudio":true,"isPngSequence":false,"isGif":false,"chunkedEncode":false,"workerCount":6,"forceScreenshot":false,"totalFrames":900,"framesCompleted":900,"captureMode":"screenshot","captureOperation":"encode"}
  ██████████████████░░░░░░░  75%  Encoding video
[INFO] [Render:trace] {"renderJobId":"f8f82bd5-b600-4608-baec-4d8061dd6b3d","phase":"encode","status":"end","elapsedMs":20515,"durationMs":6440,"stagePhase":"capturing","hasAudio":true,"isPngSequence":false,"isGif":false,"chunkedEncode":false,"workerCount":6,"forceScreenshot":false,"totalFrames":900,"framesCompleted":900,"captureMode":"screenshot","captureOperation":"encode"}
[INFO] [Render:trace] {"renderJobId":"f8f82bd5-b600-4608-baec-4d8061dd6b3d","phase":"assemble","status":"start","elapsedMs":20516,"stagePhase":"capturing","hasAudio":true,"workerCount":6,"forceScreenshot":false,"totalFrames":900,"framesCompleted":900,"captureMode":"screenshot","captureOperation":"encode"}
  ██████████████████████░░░  90%  Assembling final video
[INFO] [Render:trace] {"renderJobId":"f8f82bd5-b600-4608-baec-4d8061dd6b3d","phase":"assemble","status":"end","elapsedMs":21149,"durationMs":633,"stagePhase":"capturing","hasAudio":true,"workerCount":6,"forceScreenshot":false,"totalFrames":900,"framesCompleted":900,"captureMode":"screenshot","captureOperation":"encode"}
[INFO] [Render:trace] {"renderJobId":"f8f82bd5-b600-4608-baec-4d8061dd6b3d","phase":"pipeline","status":"checkpoint","elapsedMs":21191,"message":"artifact validated","totalElapsedMs":21187}
  █████████████████████████  100%  Render complete

◇  /Users/dylanjones/apps/judge-agent-nebius/videos/roundone-devpost/renders/video.mp4
   14.1 MB · 30.0s video · rendered in 21.2s
   screenshot capture · hardware gpu · compile 0.4s · extract 0.0s · audio 1.4s · probe 0.1s · setup 1.3s · capture 11.0s · encode 6.4s · assemble 0.6s
